main.c:125:5:main	8	static
main.c:222:6:SystemClock_Config	88	static
main.c:267:13:MX_ADC1_Init	24	static
main.c:317:13:MX_USART1_UART_Init	8	static
main.c:350:13:MX_USART2_UART_Init	8	static
main.c:381:13:MX_DMA_Init	16	static
main.c:399:13:MX_GPIO_Init	48	static
main.c:455:6:set_lights_and_buzzer	16	static
main.c:469:6:time_buffer_write	24	static
main.c:480:6:time_buffer_read	24	static
main.c:492:6:temperature_buffer_write	16	static
main.c:501:7:temperature_buffer_read	16	static
main.c:512:6:cleanResponse	48	static
main.c:557:6:ESP8266_get_time	16	static
main.c:579:6:ESP8266_Boot	16	static
main.c:628:6:startDisplayTask	32	static
main.c:657:6:startTemperature	56	static
main.c:729:6:startGlobalTimeTask	32	static
main.c:769:6:HAL_TIM_PeriodElapsedCallback	16	static
main.c:786:6:Error_Handler	4	static,ignoring_inline_asm
